C51 COMPILER V9.59.0.0   COMMON                                                            05/06/2019 23:08:39 PAGE 1   


C51 COMPILER V9.59.0.0, COMPILATION OF MODULE COMMON
OBJECT MODULE PLACED IN .\Objects\common.obj
COMPILER INVOKED BY: C:\Keil\C51\BIN\C51.EXE src\common.c OMF2 OPTIMIZE(8,SPEED) BROWSE INCDIR(.\src) DEBUG PRINT(.\List
                    -ings\common.lst) TABS(2) OBJECT(.\Objects\common.obj)

line level    source

   1          #include "common.h"
   2          
   3          /*****************************************************************************
   4           函 数 名  : delay_xms
   5           功能描述  : 毫秒延时
   6           输入参数  : x  延时时间,毫秒
   7           输出参数  : 无
   8           返 回 值  : 无
   9          *****************************************************************************/
  10          void delay_xms(uint x)      //@24MHz
  11          {
  12   1          uchar i = 0, j = 0;
  13   1          while(x--)
  14   1          {
  15   2            i = 32;
  16   2            j = 40;
  17   2            do
  18   2            {
  19   3              while (--j);
  20   3            } while (--i);
  21   2          }
  22   1      }
  23          
  24          /*****************************************************************************
  25           函 数 名  : delay_xus
  26           功能描述  : 微秒延时
  27           输入参数  : x  延时时间,微秒
  28           输出参数  : 无
  29           返 回 值  : 无
  30          *****************************************************************************/
  31          void delay_xus(uint x)//@24MHz, delay us
  32          {
  33   1          uint8 i = 0;
  34   1          while(x--)
  35   1          {
  36   2              i = 5;
  37   2              while (--i);
  38   2          }
  39   1      }


MODULE INFORMATION:   STATIC OVERLAYABLE
   CODE SIZE        =     40    ----
   CONSTANT SIZE    =   ----    ----
   XDATA SIZE       =   ----    ----
   PDATA SIZE       =   ----    ----
   DATA SIZE        =   ----    ----
   IDATA SIZE       =   ----    ----
   BIT SIZE         =   ----    ----
   EDATA SIZE       =   ----    ----
   HDATA SIZE       =   ----    ----
   XDATA CONST SIZE =   ----    ----
   FAR CONST SIZE   =   ----    ----
END OF MODULE INFORMATION.

C51 COMPILER V9.59.0.0   COMMON                                                            05/06/2019 23:08:39 PAGE 2   


C51 COMPILATION COMPLETE.  0 WARNING(S),  0 ERROR(S)
